[2026-09-10T22:31:18.0870559-04:00] Starting candidate generation (attempt 1/3).
{
  "created_at": "2026-09-11T02:31:20.294995+00:00",
  "stage": "candidates",
  "output_dir": "C:\\Users\\Darrenxo\\OneDrive\\\u684c\u9762\\RA\\Legal_agri\\legal_flux\\reports\\legal_flux\\template_distillation\\cjpe_gemini31_pro_api\\03_candidate_templates",
  "batch_count": 103,
  "records": [
    {
      "batch_id": "semantic_family_001",
      "status": "skipped_existing",
      "output_path": "C:\\Users\\Darrenxo\\OneDrive\\\u684c\u9762\\RA\\Legal_agri\\legal_flux\\reports\\legal_flux\\template_distillation\\cjpe_gemini31_pro_api\\03_candidate_templates\\semantic_family_001_candidates.jsonl",
      "template_count": 5
    },
    {
      "batch_id": "semantic_family_002",
      "status": "skipped_existing",
      "output_path": "C:\\Users\\Darrenxo\\OneDrive\\\u684c\u9762\\RA\\Legal_agri\\legal_flux\\reports\\legal_flux\\template_distillation\\cjpe_gemini31_pro_api\\03_candidate_templates\\semantic_family_002_candidates.jsonl",
      "template_count": 3
    },
    {
      "batch_id": "semantic_family_003",
      "status": "skipped_existing",
      "output_path": "C:\\Users\\Darrenxo\\OneDrive\\\u684c\u9762\\RA\\Legal_agri\\legal_flux\\reports\\legal_flux\\template_distillation\\cjpe_gemini31_pro_api\\03_candidate_templates\\semantic_family_003_candidates.jsonl",
      "template_count": 3
    },
    {
      "batch_id": "semantic_family_004",
      "status": "skipped_existing",
      "output_path": "C:\\Users\\Darrenxo\\OneDrive\\\u684c\u9762\\RA\\Legal_agri\\legal_flux\\reports\\legal_flux\\template_distillation\\cjpe_gemini31_pro_api\\03_candidate_templates\\semantic_family_004_candidates.jsonl",
      "template_count": 5
    },
    {
      "batch_id": "semantic_family_005",
      "status": "skipped_existing",
      "output_path": "C:\\Users\\Darrenxo\\OneDrive\\\u684c\u9762\\RA\\Legal_agri\\legal_flux\\reports\\legal_flux\\template_distillation\\cjpe_gemini31_pro_api\\03_candidate_templates\\semantic_family_005_candidates.jsonl",
      "template_count": 5
    },
    {
      "batch_id": "semantic_family_006",
      "status": "skipped_existing",
      "output_path": "C:\\Users\\Darrenxo\\OneDrive\\\u684c\u9762\\RA\\Legal_agri\\legal_flux\\reports\\legal_flux\\template_distillation\\cjpe_gemini31_pro_api\\03_candidate_templates\\semantic_family_006_candidates.jsonl",
      "template_count": 5
    },
    {
      "batch_id": "semantic_family_007",
      "status": "skipped_existing",
      "output_path": "C:\\Users\\Darrenxo\\OneDrive\\\u684c\u9762\\RA\\Legal_agri\\legal_flux\\reports\\legal_flux\\template_distillation\\cjpe_gemini31_pro_api\\03_candidate_templates\\semantic_family_007_candidates.jsonl",
      "template_count": 3
    },
    {
      "batch_id": "semantic_family_008",
      "status": "skipped_existing",
      "output_path": "C:\\Users\\Darrenxo\\OneDrive\\\u684c\u9762\\RA\\Legal_agri\\legal_flux\\reports\\legal_flux\\template_distillation\\cjpe_gemini31_pro_api\\03_candidate_templates\\semantic_family_008_candidates.jsonl",
      "template_count": 5
    },
    {
      "batch_id": "semantic_family_009",
      "status": "skipped_existing",
      "output_path": "C:\\Users\\Darrenxo\\OneDrive\\\u684c\u9762\\RA\\Legal_agri\\legal_flux\\reports\\legal_flux\\template_distillation\\cjpe_gemini31_pro_api\\03_candidate_templates\\semantic_family_009_candidates.jsonl",
      "template_count": 5
    },
    {
      "batch_id": "semantic_family_010",
      "status": "skipped_existing",
      "output_path": "C:\\Users\\Darrenxo\\OneDrive\\\u684c\u9762\\RA\\Legal_agri\\legal_flux\\reports\\legal_flux\\template_distillation\\cjpe_gemini31_pro_api\\03_candidate_templates\\semantic_family_010_candidates.jsonl",
      "template_count": 5
    },
    {
      "batch_id": "semantic_family_011",
      "status": "skipped_existing",
      "output_path": "C:\\Users\\Darrenxo\\OneDrive\\\u684c\u9762\\RA\\Legal_agri\\legal_flux\\reports\\legal_flux\\template_distillation\\cjpe_gemini31_pro_api\\03_candidate_templates\\semantic_family_011_candidates.jsonl",
      "template_count": 3
    },
    {
      "batch_id": "semantic_family_012",
      "status": "skipped_existing",
      "output_path": "C:\\Users\\Darrenxo\\OneDrive\\\u684c\u9762\\RA\\Legal_agri\\legal_flux\\reports\\legal_flux\\template_distillation\\cjpe_gemini31_pro_api\\03_candidate_templates\\semantic_family_012_candidates.jsonl",
      "template_count": 2
    },
    {
      "batch_id": "semantic_family_013",
      "status": "skipped_existing",
      "output_path": "C:\\Users\\Darrenxo\\OneDrive\\\u684c\u9762\\RA\\Legal_agri\\legal_flux\\reports\\legal_flux\\template_distillation\\cjpe_gemini31_pro_api\\03_candidate_templates\\semantic_family_013_candidates.jsonl",
      "template_count": 3
    },
    {
      "batch_id": "semantic_family_014",
      "status": "skipped_existing",
      "output_path": "C:\\Users\\Darrenxo\\OneDrive\\\u684c\u9762\\RA\\Legal_agri\\legal_flux\\reports\\legal_flux\\template_distillation\\cjpe_gemini31_pro_api\\03_candidate_templates\\semantic_family_014_candidates.jsonl",
      "template_count": 5
    },
    {
      "batch_id": "semantic_family_015",
      "status": "skipped_existing",
      "output_path": "C:\\Users\\Darrenxo\\OneDrive\\\u684c\u9762\\RA\\Legal_agri\\legal_flux\\reports\\legal_flux\\template_distillation\\cjpe_gemini31_pro_api\\03_candidate_templates\\semantic_family_015_candidates.jsonl",
      "template_count": 4
    },
    {
      "batch_id": "semantic_family_016",
      "status": "skipped_existing",
      "output_path": "C:\\Users\\Darrenxo\\OneDrive\\\u684c\u9762\\RA\\Legal_agri\\legal_flux\\reports\\legal_flux\\template_distillation\\cjpe_gemini31_pro_api\\03_candidate_templates\\semantic_family_016_candidates.jsonl",
      "template_count": 5
    },
    {
      "batch_id": "semantic_family_017",
      "status": "skipped_existing",
      "output_path": "C:\\Users\\Darrenxo\\OneDrive\\\u684c\u9762\\RA\\Legal_agri\\legal_flux\\reports\\legal_flux\\template_distillation\\cjpe_gemini31_pro_api\\03_candidate_templates\\semantic_family_017_candidates.jsonl",
      "template_count": 5
    },
    {
      "batch_id": "semantic_family_018",
      "status": "skipped_existing",
      "output_path": "C:\\Users\\Darrenxo\\OneDrive\\\u684c\u9762\\RA\\Legal_agri\\legal_flux\\reports\\legal_flux\\template_distillation\\cjpe_gemini31_pro_api\\03_candidate_templates\\semantic_family_018_candidates.jsonl",
      "template_count": 3
    },
    {
      "batch_id": "semantic_family_019",
      "status": "skipped_existing",
      "output_path": "C:\\Users\\Darrenxo\\OneDrive\\\u684c\u9762\\RA\\Legal_agri\\legal_flux\\reports\\legal_flux\\template_distillation\\cjpe_gemini31_pro_api\\03_candidate_templates\\semantic_family_019_candidates.jsonl",
      "template_count": 5
    },
    {
      "batch_id": "semantic_family_020",
      "status": "skipped_existing",
      "output_path": "C:\\Users\\Darrenxo\\OneDrive\\\u684c\u9762\\RA\\Legal_agri\\legal_flux\\reports\\legal_flux\\template_distillation\\cjpe_gemini31_pro_api\\03_candidate_templates\\semantic_family_020_candidates.jsonl",
      "template_count": 5
    },
    {
      "batch_id": "semantic_family_021",
      "status": "skipped_existing",
      "output_path": "C:\\Users\\Darrenxo\\OneDrive\\\u684c\u9762\\RA\\Legal_agri\\legal_flux\\reports\\legal_flux\\template_distillation\\cjpe_gemini31_pro_api\\03_candidate_templates\\semantic_family_021_candidates.jsonl",
      "template_count": 4
    },
    {
      "batch_id": "semantic_family_022",
      "status": "skipped_existing",
      "output_path": "C:\\Users\\Darrenxo\\OneDrive\\\u684c\u9762\\RA\\Legal_agri\\legal_flux\\reports\\legal_flux\\template_distillation\\cjpe_gemini31_pro_api\\03_candidate_templates\\semantic_family_022_candidates.jsonl",
      "template_count": 5
    },
    {
      "batch_id": "semantic_family_023",
      "status": "skipped_existing",
      "output_path": "C:\\Users\\Darrenxo\\OneDrive\\\u684c\u9762\\RA\\Legal_agri\\legal_flux\\reports\\legal_flux\\template_distillation\\cjpe_gemini31_pro_api\\03_candidate_templates\\semantic_family_023_candidates.jsonl",
      "template_count": 3
    },
    {
      "batch_id": "semantic_family_024",
      "status": "skipped_existing",
      "output_path": "C:\\Users\\Darrenxo\\OneDrive\\\u684c\u9762\\RA\\Legal_agri\\legal_flux\\reports\\legal_flux\\template_distillation\\cjpe_gemini31_pro_api\\03_candidate_templates\\semantic_family_024_candidates.jsonl",
      "template_count": 5
    },
    {
      "batch_id": "semantic_family_025",
      "status": "skipped_existing",
      "output_path": "C:\\Users\\Darrenxo\\OneDrive\\\u684c\u9762\\RA\\Legal_agri\\legal_flux\\reports\\legal_flux\\template_distillation\\cjpe_gemini31_pro_api\\03_candidate_templates\\semantic_family_025_candidates.jsonl",
      "template_count": 5
    },
    {
      "batch_id": "semantic_family_026",
      "status": "skipped_existing",
      "output_path": "C:\\Users\\Darrenxo\\OneDrive\\\u684c\u9762\\RA\\Legal_agri\\legal_flux\\reports\\legal_flux\\template_distillation\\cjpe_gemini31_pro_api\\03_candidate_templates\\semantic_family_026_candidates.jsonl",
      "template_count": 4
    },
    {
      "batch_id": "semantic_family_027",
      "status": "skipped_existing",
      "output_path": "C:\\Users\\Darrenxo\\OneDrive\\\u684c\u9762\\RA\\Legal_agri\\legal_flux\\reports\\legal_flux\\template_distillation\\cjpe_gemini31_pro_api\\03_candidate_templates\\semantic_family_027_candidates.jsonl",
      "template_count": 4
    },
    {
      "batch_id": "semantic_family_028",
      "status": "skipped_existing",
      "output_path": "C:\\Users\\Darrenxo\\OneDrive\\\u684c\u9762\\RA\\Legal_agri\\legal_flux\\reports\\legal_flux\\template_distillation\\cjpe_gemini31_pro_api\\03_candidate_templates\\semantic_family_028_candidates.jsonl",
      "template_count": 5
    },
    {
      "batch_id": "semantic_family_029",
      "status": "skipped_existing",
      "output_path": "C:\\Users\\Darrenxo\\OneDrive\\\u684c\u9762\\RA\\Legal_agri\\legal_flux\\reports\\legal_flux\\template_distillation\\cjpe_gemini31_pro_api\\03_candidate_templates\\semantic_family_029_candidates.jsonl",
      "template_count": 5
    },
    {
      "batch_id": "semantic_family_030",
      "status": "skipped_existing",
      "output_path": "C:\\Users\\Darrenxo\\OneDrive\\\u684c\u9762\\RA\\Legal_agri\\legal_flux\\reports\\legal_flux\\template_distillation\\cjpe_gemini31_pro_api\\03_candidate_templates\\semantic_family_030_candidates.jsonl",
      "template_count": 4
    },
    {
      "batch_id": "semantic_family_031",
      "status": "skipped_existing",
      "output_path": "C:\\Users\\Darrenxo\\OneDrive\\\u684c\u9762\\RA\\Legal_agri\\legal_flux\\reports\\legal_flux\\template_distillation\\cjpe_gemini31_pro_api\\03_candidate_templates\\semantic_family_031_candidates.jsonl",
      "template_count": 5
    },
    {
      "batch_id": "semantic_family_032",
      "status": "skipped_existing",
      "output_path": "C:\\Users\\Darrenxo\\OneDrive\\\u684c\u9762\\RA\\Legal_agri\\legal_flux\\reports\\legal_flux\\template_distillation\\cjpe_gemini31_pro_api\\03_candidate_templates\\semantic_family_032_candidates.jsonl",
      "template_count": 4
    },
    {
      "batch_id": "semantic_family_033",
      "status": "skipped_existing",
      "output_path": "C:\\Users\\Darrenxo\\OneDrive\\\u684c\u9762\\RA\\Legal_agri\\legal_flux\\reports\\legal_flux\\template_distillation\\cjpe_gemini31_pro_api\\03_candidate_templates\\semantic_family_033_candidates.jsonl",
      "template_count": 5
    },
    {
      "batch_id": "semantic_family_034",
      "status": "skipped_existing",
      "output_path": "C:\\Users\\Darrenxo\\OneDrive\\\u684c\u9762\\RA\\Legal_agri\\legal_flux\\reports\\legal_flux\\template_distillation\\cjpe_gemini31_pro_api\\03_candidate_templates\\semantic_family_034_candidates.jsonl",
      "template_count": 4
    },
    {
      "batch_id": "semantic_family_035",
      "status": "skipped_existing",
      "output_path": "C:\\Users\\Darrenxo\\OneDrive\\\u684c\u9762\\RA\\Legal_agri\\legal_flux\\reports\\legal_flux\\template_distillation\\cjpe_gemini31_pro_api\\03_candidate_templates\\semantic_family_035_candidates.jsonl",
      "template_count": 5
    },
    {
      "batch_id": "semantic_family_036",
      "status": "skipped_existing",
      "output_path": "C:\\Users\\Darrenxo\\OneDrive\\\u684c\u9762\\RA\\Legal_agri\\legal_flux\\reports\\legal_flux\\template_distillation\\cjpe_gemini31_pro_api\\03_candidate_templates\\semantic_family_036_candidates.jsonl",
      "template_count": 5
    },
    {
      "batch_id": "semantic_family_037",
      "status": "skipped_existing",
      "output_path": "C:\\Users\\Darrenxo\\OneDrive\\\u684c\u9762\\RA\\Legal_agri\\legal_flux\\reports\\legal_flux\\template_distillation\\cjpe_gemini31_pro_api\\03_candidate_templates\\semantic_family_037_candidates.jsonl",
      "template_count": 4
    },
    {
      "batch_id": "semantic_family_038",
      "status": "skipped_existing",
      "output_path": "C:\\Users\\Darrenxo\\OneDrive\\\u684c\u9762\\RA\\Legal_agri\\legal_flux\\reports\\legal_flux\\template_distillation\\cjpe_gemini31_pro_api\\03_candidate_templates\\semantic_family_038_candidates.jsonl",
      "template_count": 4
    },
    {
      "batch_id": "semantic_family_039",
      "status": "skipped_existing",
      "output_path": "C:\\Users\\Darrenxo\\OneDrive\\\u684c\u9762\\RA\\Legal_agri\\legal_flux\\reports\\legal_flux\\template_distillation\\cjpe_gemini31_pro_api\\03_candidate_templates\\semantic_family_039_candidates.jsonl",
      "template_count": 4
    },
    {
      "batch_id": "semantic_family_040",
      "status": "skipped_existing",
      "output_path": "C:\\Users\\Darrenxo\\OneDrive\\\u684c\u9762\\RA\\Legal_agri\\legal_flux\\reports\\legal_flux\\template_distillation\\cjpe_gemini31_pro_api\\03_candidate_templates\\semantic_family_040_candidates.jsonl",
      "template_count": 4
    },
    {
      "batch_id": "semantic_family_041",
      "status": "skipped_existing",
      "output_path": "C:\\Users\\Darrenxo\\OneDrive\\\u684c\u9762\\RA\\Legal_agri\\legal_flux\\reports\\legal_flux\\template_distillation\\cjpe_gemini31_pro_api\\03_candidate_templates\\semantic_family_041_candidates.jsonl",
      "template_count": 5
    },
    {
      "batch_id": "semantic_family_042",
      "status": "skipped_existing",
      "output_path": "C:\\Users\\Darrenxo\\OneDrive\\\u684c\u9762\\RA\\Legal_agri\\legal_flux\\reports\\legal_flux\\template_distillation\\cjpe_gemini31_pro_api\\03_candidate_templates\\semantic_family_042_candidates.jsonl",
      "template_count": 5
    },
    {
      "batch_id": "semantic_family_043",
      "status": "skipped_existing",
      "output_path": "C:\\Users\\Darrenxo\\OneDrive\\\u684c\u9762\\RA\\Legal_agri\\legal_flux\\reports\\legal_flux\\template_distillation\\cjpe_gemini31_pro_api\\03_candidate_templates\\semantic_family_043_candidates.jsonl",
      "template_count": 5
    },
    {
      "batch_id": "semantic_family_044",
      "status": "skipped_existing",
      "output_path": "C:\\Users\\Darrenxo\\OneDrive\\\u684c\u9762\\RA\\Legal_agri\\legal_flux\\reports\\legal_flux\\template_distillation\\cjpe_gemini31_pro_api\\03_candidate_templates\\semantic_family_044_candidates.jsonl",
      "template_count": 4
    },
    {
      "batch_id": "semantic_family_045",
      "status": "skipped_existing",
      "output_path": "C:\\Users\\Darrenxo\\OneDrive\\\u684c\u9762\\RA\\Legal_agri\\legal_flux\\reports\\legal_flux\\template_distillation\\cjpe_gemini31_pro_api\\03_candidate_templates\\semantic_family_045_candidates.jsonl",
      "template_count": 5
    },
    {
      "batch_id": "semantic_family_046",
      "status": "skipped_existing",
      "output_path": "C:\\Users\\Darrenxo\\OneDrive\\\u684c\u9762\\RA\\Legal_agri\\legal_flux\\reports\\legal_flux\\template_distillation\\cjpe_gemini31_pro_api\\03_candidate_templates\\semantic_family_046_candidates.jsonl",
      "template_count": 4
    },
    {
      "batch_id": "semantic_family_047",
      "status": "skipped_existing",
      "output_path": "C:\\Users\\Darrenxo\\OneDrive\\\u684c\u9762\\RA\\Legal_agri\\legal_flux\\reports\\legal_flux\\template_distillation\\cjpe_gemini31_pro_api\\03_candidate_templates\\semantic_family_047_candidates.jsonl",
      "template_count": 3
    },
    {
      "batch_id": "semantic_family_048",
      "status": "skipped_existing",
      "output_path": "C:\\Users\\Darrenxo\\OneDrive\\\u684c\u9762\\RA\\Legal_agri\\legal_flux\\reports\\legal_flux\\template_distillation\\cjpe_gemini31_pro_api\\03_candidate_templates\\semantic_family_048_candidates.jsonl",
      "template_count": 4
    },
    {
      "batch_id": "semantic_family_049",
      "status": "skipped_existing",
      "output_path": "C:\\Users\\Darrenxo\\OneDrive\\\u684c\u9762\\RA\\Legal_agri\\legal_flux\\reports\\legal_flux\\template_distillation\\cjpe_gemini31_pro_api\\03_candidate_templates\\semantic_family_049_candidates.jsonl",
      "template_count": 5
    },
    {
      "batch_id": "semantic_family_050",
      "status": "skipped_existing",
      "output_path": "C:\\Users\\Darrenxo\\OneDrive\\\u684c\u9762\\RA\\Legal_agri\\legal_flux\\reports\\legal_flux\\template_distillation\\cjpe_gemini31_pro_api\\03_candidate_templates\\semantic_family_050_candidates.jsonl",
      "template_count": 5
    },
    {
      "batch_id": "semantic_family_051",
      "status": "skipped_existing",
      "output_path": "C:\\Users\\Darrenxo\\OneDrive\\\u684c\u9762\\RA\\Legal_agri\\legal_flux\\reports\\legal_flux\\template_distillation\\cjpe_gemini31_pro_api\\03_candidate_templates\\semantic_family_051_candidates.jsonl",
      "template_count": 5
    },
    {
      "batch_id": "semantic_family_052",
      "status": "skipped_existing",
      "output_path": "C:\\Users\\Darrenxo\\OneDrive\\\u684c\u9762\\RA\\Legal_agri\\legal_flux\\reports\\legal_flux\\template_distillation\\cjpe_gemini31_pro_api\\03_candidate_templates\\semantic_family_052_candidates.jsonl",
      "template_count": 3
    },
    {
      "batch_id": "semantic_family_053",
      "status": "skipped_existing",
      "output_path": "C:\\Users\\Darrenxo\\OneDrive\\\u684c\u9762\\RA\\Legal_agri\\legal_flux\\reports\\legal_flux\\template_distillation\\cjpe_gemini31_pro_api\\03_candidate_templates\\semantic_family_053_candidates.jsonl",
      "template_count": 4
    },
    {
      "batch_id": "semantic_family_054",
      "status": "skipped_existing",
      "output_path": "C:\\Users\\Darrenxo\\OneDrive\\\u684c\u9762\\RA\\Legal_agri\\legal_flux\\reports\\legal_flux\\template_distillation\\cjpe_gemini31_pro_api\\03_candidate_templates\\semantic_family_054_candidates.jsonl",
      "template_count": 4
    },
    {
      "batch_id": "semantic_family_055",
      "status": "skipped_existing",
      "output_path": "C:\\Users\\Darrenxo\\OneDrive\\\u684c\u9762\\RA\\Legal_agri\\legal_flux\\reports\\legal_flux\\template_distillation\\cjpe_gemini31_pro_api\\03_candidate_templates\\semantic_family_055_candidates.jsonl",
      "template_count": 5
    },
    {
      "batch_id": "semantic_family_056",
      "status": "skipped_existing",
      "output_path": "C:\\Users\\Darrenxo\\OneDrive\\\u684c\u9762\\RA\\Legal_agri\\legal_flux\\reports\\legal_flux\\template_distillation\\cjpe_gemini31_pro_api\\03_candidate_templates\\semantic_family_056_candidates.jsonl",
      "template_count": 4
    },
    {
      "batch_id": "semantic_family_057",
      "status": "skipped_existing",
      "output_path": "C:\\Users\\Darrenxo\\OneDrive\\\u684c\u9762\\RA\\Legal_agri\\legal_flux\\reports\\legal_flux\\template_distillation\\cjpe_gemini31_pro_api\\03_candidate_templates\\semantic_family_057_candidates.jsonl",
      "template_count": 3
    },
    {
      "batch_id": "semantic_family_058",
      "status": "skipped_existing",
      "output_path": "C:\\Users\\Darrenxo\\OneDrive\\\u684c\u9762\\RA\\Legal_agri\\legal_flux\\reports\\legal_flux\\template_distillation\\cjpe_gemini31_pro_api\\03_candidate_templates\\semantic_family_058_candidates.jsonl",
      "template_count": 4
    },
    {
      "batch_id": "semantic_family_059",
      "status": "skipped_existing",
      "output_path": "C:\\Users\\Darrenxo\\OneDrive\\\u684c\u9762\\RA\\Legal_agri\\legal_flux\\reports\\legal_flux\\template_distillation\\cjpe_gemini31_pro_api\\03_candidate_templates\\semantic_family_059_candidates.jsonl",
      "template_count": 4
    },
    {
      "batch_id": "semantic_family_060",
      "status": "skipped_existing",
      "output_path": "C:\\Users\\Darrenxo\\OneDrive\\\u684c\u9762\\RA\\Legal_agri\\legal_flux\\reports\\legal_flux\\template_distillation\\cjpe_gemini31_pro_api\\03_candidate_templates\\semantic_family_060_candidates.jsonl",
      "template_count": 4
    },
    {
      "batch_id": "semantic_family_061",
      "status": "skipped_existing",
      "output_path": "C:\\Users\\Darrenxo\\OneDrive\\\u684c\u9762\\RA\\Legal_agri\\legal_flux\\reports\\legal_flux\\template_distillation\\cjpe_gemini31_pro_api\\03_candidate_templates\\semantic_family_061_candidates.jsonl",
      "template_count": 5
    },
    {
      "batch_id": "semantic_family_062",
      "status": "skipped_existing",
      "output_path": "C:\\Users\\Darrenxo\\OneDrive\\\u684c\u9762\\RA\\Legal_agri\\legal_flux\\reports\\legal_flux\\template_distillation\\cjpe_gemini31_pro_api\\03_candidate_templates\\semantic_family_062_candidates.jsonl",
      "template_count": 5
    },
    {
      "batch_id": "semantic_family_063",
      "status": "skipped_existing",
      "output_path": "C:\\Users\\Darrenxo\\OneDrive\\\u684c\u9762\\RA\\Legal_agri\\legal_flux\\reports\\legal_flux\\template_distillation\\cjpe_gemini31_pro_api\\03_candidate_templates\\semantic_family_063_candidates.jsonl",
      "template_count": 5
    },
    {
      "batch_id": "semantic_family_064",
      "status": "skipped_existing",
      "output_path": "C:\\Users\\Darrenxo\\OneDrive\\\u684c\u9762\\RA\\Legal_agri\\legal_flux\\reports\\legal_flux\\template_distillation\\cjpe_gemini31_pro_api\\03_candidate_templates\\semantic_family_064_candidates.jsonl",
      "template_count": 5
    },
    {
      "batch_id": "semantic_family_065",
      "status": "skipped_existing",
      "output_path": "C:\\Users\\Darrenxo\\OneDrive\\\u684c\u9762\\RA\\Legal_agri\\legal_flux\\reports\\legal_flux\\template_distillation\\cjpe_gemini31_pro_api\\03_candidate_templates\\semantic_family_065_candidates.jsonl",
      "template_count": 3
    },
    {
      "batch_id": "semantic_family_066",
      "status": "skipped_existing",
      "output_path": "C:\\Users\\Darrenxo\\OneDrive\\\u684c\u9762\\RA\\Legal_agri\\legal_flux\\reports\\legal_flux\\template_distillation\\cjpe_gemini31_pro_api\\03_candidate_templates\\semantic_family_066_candidates.jsonl",
      "template_count": 5
    },
    {
      "batch_id": "semantic_family_067",
      "status": "skipped_existing",
      "output_path": "C:\\Users\\Darrenxo\\OneDrive\\\u684c\u9762\\RA\\Legal_agri\\legal_flux\\reports\\legal_flux\\template_distillation\\cjpe_gemini31_pro_api\\03_candidate_templates\\semantic_family_067_candidates.jsonl",
      "template_count": 4
    },
    {
      "batch_id": "semantic_family_068",
      "status": "skipped_existing",
      "output_path": "C:\\Users\\Darrenxo\\OneDrive\\\u684c\u9762\\RA\\Legal_agri\\legal_flux\\reports\\legal_flux\\template_distillation\\cjpe_gemini31_pro_api\\03_candidate_templates\\semantic_family_068_candidates.jsonl",
      "template_count": 4
    },
    {
      "batch_id": "semantic_family_069",
      "status": "skipped_existing",
      "output_path": "C:\\Users\\Darrenxo\\OneDrive\\\u684c\u9762\\RA\\Legal_agri\\legal_flux\\reports\\legal_flux\\template_distillation\\cjpe_gemini31_pro_api\\03_candidate_templates\\semantic_family_069_candidates.jsonl",
      "template_count": 4
    },
    {
      "batch_id": "semantic_family_070",
      "status": "skipped_existing",
      "output_path": "C:\\Users\\Darrenxo\\OneDrive\\\u684c\u9762\\RA\\Legal_agri\\legal_flux\\reports\\legal_flux\\template_distillation\\cjpe_gemini31_pro_api\\03_candidate_templates\\semantic_family_070_candidates.jsonl",
      "template_count": 5
    },
    {
      "batch_id": "semantic_family_071",
      "status": "skipped_existing",
      "output_path": "C:\\Users\\Darrenxo\\OneDrive\\\u684c\u9762\\RA\\Legal_agri\\legal_flux\\reports\\legal_flux\\template_distillation\\cjpe_gemini31_pro_api\\03_candidate_templates\\semantic_family_071_candidates.jsonl",
      "template_count": 4
    },
    {
      "batch_id": "semantic_family_072",
      "status": "skipped_existing",
      "output_path": "C:\\Users\\Darrenxo\\OneDrive\\\u684c\u9762\\RA\\Legal_agri\\legal_flux\\reports\\legal_flux\\template_distillation\\cjpe_gemini31_pro_api\\03_candidate_templates\\semantic_family_072_candidates.jsonl",
      "template_count": 4
    },
    {
      "batch_id": "semantic_family_073",
      "status": "skipped_existing",
      "output_path": "C:\\Users\\Darrenxo\\OneDrive\\\u684c\u9762\\RA\\Legal_agri\\legal_flux\\reports\\legal_flux\\template_distillation\\cjpe_gemini31_pro_api\\03_candidate_templates\\semantic_family_073_candidates.jsonl",
      "template_count": 5
    },
    {
      "batch_id": "semantic_family_074",
      "status": "skipped_existing",
      "output_path": "C:\\Users\\Darrenxo\\OneDrive\\\u684c\u9762\\RA\\Legal_agri\\legal_flux\\reports\\legal_flux\\template_distillation\\cjpe_gemini31_pro_api\\03_candidate_templates\\semantic_family_074_candidates.jsonl",
      "template_count": 5
    },
    {
      "batch_id": "semantic_family_075",
      "status": "skipped_existing",
      "output_path": "C:\\Users\\Darrenxo\\OneDrive\\\u684c\u9762\\RA\\Legal_agri\\legal_flux\\reports\\legal_flux\\template_distillation\\cjpe_gemini31_pro_api\\03_candidate_templates\\semantic_family_075_candidates.jsonl",
      "template_count": 4
    },
    {
      "batch_id": "semantic_family_076",
      "status": "skipped_existing",
      "output_path": "C:\\Users\\Darrenxo\\OneDrive\\\u684c\u9762\\RA\\Legal_agri\\legal_flux\\reports\\legal_flux\\template_distillation\\cjpe_gemini31_pro_api\\03_candidate_templates\\semantic_family_076_candidates.jsonl",
      "template_count": 4
    },
    {
      "batch_id": "semantic_family_077",
      "status": "skipped_existing",
      "output_path": "C:\\Users\\Darrenxo\\OneDrive\\\u684c\u9762\\RA\\Legal_agri\\legal_flux\\reports\\legal_flux\\template_distillation\\cjpe_gemini31_pro_api\\03_candidate_templates\\semantic_family_077_candidates.jsonl",
      "template_count": 4
    },
    {
      "batch_id": "semantic_family_078",
      "status": "skipped_existing",
      "output_path": "C:\\Users\\Darrenxo\\OneDrive\\\u684c\u9762\\RA\\Legal_agri\\legal_flux\\reports\\legal_flux\\template_distillation\\cjpe_gemini31_pro_api\\03_candidate_templates\\semantic_family_078_candidates.jsonl",
      "template_count": 3
    },
    {
      "batch_id": "semantic_family_079",
      "status": "skipped_existing",
      "output_path": "C:\\Users\\Darrenxo\\OneDrive\\\u684c\u9762\\RA\\Legal_agri\\legal_flux\\reports\\legal_flux\\template_distillation\\cjpe_gemini31_pro_api\\03_candidate_templates\\semantic_family_079_candidates.jsonl",
      "template_count": 5
    },
    {
      "batch_id": "semantic_family_080",
      "status": "skipped_existing",
      "output_path": "C:\\Users\\Darrenxo\\OneDrive\\\u684c\u9762\\RA\\Legal_agri\\legal_flux\\reports\\legal_flux\\template_distillation\\cjpe_gemini31_pro_api\\03_candidate_templates\\semantic_family_080_candidates.jsonl",
      "template_count": 5
    },
    {
      "batch_id": "semantic_family_081",
      "status": "skipped_existing",
      "output_path": "C:\\Users\\Darrenxo\\OneDrive\\\u684c\u9762\\RA\\Legal_agri\\legal_flux\\reports\\legal_flux\\template_distillation\\cjpe_gemini31_pro_api\\03_candidate_templates\\semantic_family_081_candidates.jsonl",
      "template_count": 3
    },
    {
      "batch_id": "semantic_family_082",
      "status": "skipped_existing",
      "output_path": "C:\\Users\\Darrenxo\\OneDrive\\\u684c\u9762\\RA\\Legal_agri\\legal_flux\\reports\\legal_flux\\template_distillation\\cjpe_gemini31_pro_api\\03_candidate_templates\\semantic_family_082_candidates.jsonl",
      "template_count": 5
    },
    {
      "batch_id": "semantic_family_083",
      "status": "skipped_existing",
      "output_path": "C:\\Users\\Darrenxo\\OneDrive\\\u684c\u9762\\RA\\Legal_agri\\legal_flux\\reports\\legal_flux\\template_distillation\\cjpe_gemini31_pro_api\\03_candidate_templates\\semantic_family_083_candidates.jsonl",
      "template_count": 4
    },
    {
      "batch_id": "semantic_family_084",
      "status": "skipped_existing",
      "output_path": "C:\\Users\\Darrenxo\\OneDrive\\\u684c\u9762\\RA\\Legal_agri\\legal_flux\\reports\\legal_flux\\template_distillation\\cjpe_gemini31_pro_api\\03_candidate_templates\\semantic_family_084_candidates.jsonl",
      "template_count": 3
    },
    {
      "batch_id": "semantic_family_085",
      "status": "skipped_existing",
      "output_path": "C:\\Users\\Darrenxo\\OneDrive\\\u684c\u9762\\RA\\Legal_agri\\legal_flux\\reports\\legal_flux\\template_distillation\\cjpe_gemini31_pro_api\\03_candidate_templates\\semantic_family_085_candidates.jsonl",
      "template_count": 4
    },
    {
      "batch_id": "semantic_family_086",
      "status": "skipped_existing",
      "output_path": "C:\\Users\\Darrenxo\\OneDrive\\\u684c\u9762\\RA\\Legal_agri\\legal_flux\\reports\\legal_flux\\template_distillation\\cjpe_gemini31_pro_api\\03_candidate_templates\\semantic_family_086_candidates.jsonl",
      "template_count": 4
    },
    {
      "batch_id": "semantic_family_087",
      "status": "skipped_existing",
      "output_path": "C:\\Users\\Darrenxo\\OneDrive\\\u684c\u9762\\RA\\Legal_agri\\legal_flux\\reports\\legal_flux\\template_distillation\\cjpe_gemini31_pro_api\\03_candidate_templates\\semantic_family_087_candidates.jsonl",
      "template_count": 4
    },
    {
      "batch_id": "semantic_family_088",
      "status": "skipped_existing",
      "output_path": "C:\\Users\\Darrenxo\\OneDrive\\\u684c\u9762\\RA\\Legal_agri\\legal_flux\\reports\\legal_flux\\template_distillation\\cjpe_gemini31_pro_api\\03_candidate_templates\\semantic_family_088_candidates.jsonl",
      "template_count": 3
    },
    {
      "batch_id": "semantic_family_089",
      "status": "skipped_existing",
      "output_path": "C:\\Users\\Darrenxo\\OneDrive\\\u684c\u9762\\RA\\Legal_agri\\legal_flux\\reports\\legal_flux\\template_distillation\\cjpe_gemini31_pro_api\\03_candidate_templates\\semantic_family_089_candidates.jsonl",
      "template_count": 4
    },
    {
      "batch_id": "semantic_family_090",
      "status": "skipped_existing",
      "output_path": "C:\\Users\\Darrenxo\\OneDrive\\\u684c\u9762\\RA\\Legal_agri\\legal_flux\\reports\\legal_flux\\template_distillation\\cjpe_gemini31_pro_api\\03_candidate_templates\\semantic_family_090_candidates.jsonl",
      "template_count": 3
    },
    {
      "batch_id": "semantic_family_091",
      "status": "skipped_existing",
      "output_path": "C:\\Users\\Darrenxo\\OneDrive\\\u684c\u9762\\RA\\Legal_agri\\legal_flux\\reports\\legal_flux\\template_distillation\\cjpe_gemini31_pro_api\\03_candidate_templates\\semantic_family_091_candidates.jsonl",
      "template_count": 3
    },
    {
      "batch_id": "semantic_family_092",
      "status": "skipped_existing",
      "output_path": "C:\\Users\\Darrenxo\\OneDrive\\\u684c\u9762\\RA\\Legal_agri\\legal_flux\\reports\\legal_flux\\template_distillation\\cjpe_gemini31_pro_api\\03_candidate_templates\\semantic_family_092_candidates.jsonl",
      "template_count": 1
    },
    {
      "batch_id": "semantic_family_093",
      "status": "skipped_existing",
      "output_path": "C:\\Users\\Darrenxo\\OneDrive\\\u684c\u9762\\RA\\Legal_agri\\legal_flux\\reports\\legal_flux\\template_distillation\\cjpe_gemini31_pro_api\\03_candidate_templates\\semantic_family_093_candidates.jsonl",
      "template_count": 4
    },
    {
      "batch_id": "semantic_family_094",
      "status": "skipped_existing",
      "output_path": "C:\\Users\\Darrenxo\\OneDrive\\\u684c\u9762\\RA\\Legal_agri\\legal_flux\\reports\\legal_flux\\template_distillation\\cjpe_gemini31_pro_api\\03_candidate_templates\\semantic_family_094_candidates.jsonl",
      "template_count": 4
    },
    {
      "batch_id": "semantic_family_095",
      "status": "skipped_existing",
      "output_path": "C:\\Users\\Darrenxo\\OneDrive\\\u684c\u9762\\RA\\Legal_agri\\legal_flux\\reports\\legal_flux\\template_distillation\\cjpe_gemini31_pro_api\\03_candidate_templates\\semantic_family_095_candidates.jsonl",
      "template_count": 4
    },
    {
      "batch_id": "semantic_family_096",
      "status": "skipped_existing",
      "output_path": "C:\\Users\\Darrenxo\\OneDrive\\\u684c\u9762\\RA\\Legal_agri\\legal_flux\\reports\\legal_flux\\template_distillation\\cjpe_gemini31_pro_api\\03_candidate_templates\\semantic_family_096_candidates.jsonl",
      "template_count": 5
    },
    {
      "batch_id": "semantic_family_097",
      "status": "skipped_existing",
      "output_path": "C:\\Users\\Darrenxo\\OneDrive\\\u684c\u9762\\RA\\Legal_agri\\legal_flux\\reports\\legal_flux\\template_distillation\\cjpe_gemini31_pro_api\\03_candidate_templates\\semantic_family_097_candidates.jsonl",
      "template_count": 5
    },
    {
      "batch_id": "semantic_family_098",
      "status": "skipped_existing",
      "output_path": "C:\\Users\\Darrenxo\\OneDrive\\\u684c\u9762\\RA\\Legal_agri\\legal_flux\\reports\\legal_flux\\template_distillation\\cjpe_gemini31_pro_api\\03_candidate_templates\\semantic_family_098_candidates.jsonl",
      "template_count": 1
    },
    {
      "batch_id": "semantic_family_099",
      "status": "skipped_existing",
      "output_path": "C:\\Users\\Darrenxo\\OneDrive\\\u684c\u9762\\RA\\Legal_agri\\legal_flux\\reports\\legal_flux\\template_distillation\\cjpe_gemini31_pro_api\\03_candidate_templates\\semantic_family_099_candidates.jsonl",
      "template_count": 3
    },
    {
      "batch_id": "semantic_family_100",
      "status": "skipped_existing",
      "output_path": "C:\\Users\\Darrenxo\\OneDrive\\\u684c\u9762\\RA\\Legal_agri\\legal_flux\\reports\\legal_flux\\template_distillation\\cjpe_gemini31_pro_api\\03_candidate_templates\\semantic_family_100_candidates.jsonl",
      "template_count": 5
    },
    {
      "batch_id": "semantic_family_101",
      "status": "skipped_existing",
      "output_path": "C:\\Users\\Darrenxo\\OneDrive\\\u684c\u9762\\RA\\Legal_agri\\legal_flux\\reports\\legal_flux\\template_distillation\\cjpe_gemini31_pro_api\\03_candidate_templates\\semantic_family_101_candidates.jsonl",
      "template_count": 2
    },
    {
      "batch_id": "semantic_family_102",
      "status": "skipped_existing",
      "output_path": "C:\\Users\\Darrenxo\\OneDrive\\\u684c\u9762\\RA\\Legal_agri\\legal_flux\\reports\\legal_flux\\template_distillation\\cjpe_gemini31_pro_api\\03_candidate_templates\\semantic_family_102_candidates.jsonl",
      "template_count": 4
    },
    {
      "batch_id": "semantic_family_103",
      "status": "skipped_existing",
      "output_path": "C:\\Users\\Darrenxo\\OneDrive\\\u684c\u9762\\RA\\Legal_agri\\legal_flux\\reports\\legal_flux\\template_distillation\\cjpe_gemini31_pro_api\\03_candidate_templates\\semantic_family_103_candidates.jsonl",
      "template_count": 5
    }
  ],
  "manifest_path": "C:\\Users\\Darrenxo\\OneDrive\\\u684c\u9762\\RA\\Legal_agri\\legal_flux\\reports\\legal_flux\\template_distillation\\cjpe_gemini31_pro_api\\candidates_manifest.json"
}
[2026-09-10T22:31:20.4972966-04:00] Completed candidate generation.
[2026-09-10T22:31:20.4996104-04:00] Starting global consolidation (attempt 1/3).
{
  "stage": "merge",
  "status": "skipped_existing",
  "output_path": "C:\\Users\\Darrenxo\\OneDrive\\\u684c\u9762\\RA\\Legal_agri\\legal_flux\\reports\\legal_flux\\template_distillation\\cjpe_gemini31_pro_api\\legal_flux_templates_gemini_merged.jsonl",
  "template_count": 31
}
[2026-09-10T22:31:21.9530303-04:00] Completed global consolidation.
[2026-09-10T22:31:21.9552479-04:00] Starting one-batch coverage-audit smoke (attempt 1/3).
{
  "created_at": "2026-09-11T02:31:23.997666+00:00",
  "stage": "audit",
  "status": "partial",
  "batch_count": 1,
  "records": [
    {
      "batch_id": "semantic_family_001",
      "status": "skipped_existing",
      "gap_count": 2,
      "gap_path": "C:\\Users\\Darrenxo\\OneDrive\\\u684c\u9762\\RA\\Legal_agri\\legal_flux\\reports\\legal_flux\\template_distillation\\cjpe_gemini31_pro_api\\04_gap_audits\\semantic_family_001_gap_candidates.jsonl"
    }
  ],
  "gap_fill_count": 2,
  "final_pool_path": null,
  "adjudication": null,
  "manifest_path": "C:\\Users\\Darrenxo\\OneDrive\\\u684c\u9762\\RA\\Legal_agri\\legal_flux\\reports\\legal_flux\\template_distillation\\cjpe_gemini31_pro_api\\audit_manifest.json"
}
[2026-09-10T22:31:24.2085461-04:00] Completed one-batch coverage-audit smoke.
[2026-09-10T22:31:24.2133894-04:00] Starting full coverage audit and gap adjudication (attempt 1/3).
WARNING: full coverage audit and gap adjudication exited with code 1 on attempt 1.
[2026-09-10T23:51:18.4885924-04:00] Starting full coverage audit and gap adjudication (attempt 2/3).
WARNING: full coverage audit and gap adjudication exited with code 1 on attempt 2.
[2026-09-10T23:51:56.1509105-04:00] Starting full coverage audit and gap adjudication (attempt 3/3).
WARNING: full coverage audit and gap adjudication exited with code 1 on attempt 3.
